[    5393ms] [INFO] Slow network is detected. See https://www.chromestatus.com/feature/5636954674692096 for more details. Fallback font will be used while loading: https://fonts.gstatic.com/s/dmsans/v17/rP2Yp2ywxg089UriI5-g4vlH9VoD8Cmcqbu0-K4.woff2 @ https://www.saucedemo.com/:0
[    5395ms] [INFO] Slow network is detected. See https://www.chromestatus.com/feature/5636954674692096 for more details. Fallback font will be used while loading: https://fonts.gstatic.com/s/dmmono/v16/aFTU7PB1QTsUX8KYthqQBA.woff2 @ https://www.saucedemo.com/:0
[    5395ms] [INFO] Slow network is detected. See https://www.chromestatus.com/feature/5636954674692096 for more details. Fallback font will be used while loading: https://fonts.gstatic.com/s/dmmono/v16/aFTR7PB1QTsUX8KYvumzEYOtbQ.woff2 @ https://www.saucedemo.com/:0
[    5486ms] [VERBOSE] [DOM] Input elements should have autocomplete attributes (suggested: "current-password"): (More info: https://goo.gl/9p2vKq) %o @ https://www.saucedemo.com/:0
[    5670ms] [ERROR] Failed to load resource: net::ERR_CONNECTION_REFUSED @ https://events.backtrace.io/api/unique-events/submit?universe=UNIVERSE&token=TOKEN:0
[    5670ms] [ERROR] Failed to load resource: net::ERR_CONNECTION_REFUSED @ https://events.backtrace.io/api/summed-events/submit?universe=UNIVERSE&token=TOKEN:0
[   15677ms] [ERROR] Failed to load resource: net::ERR_CONNECTION_REFUSED @ https://events.backtrace.io/api/unique-events/submit?universe=UNIVERSE&token=TOKEN:0
[   15678ms] [ERROR] Failed to load resource: net::ERR_CONNECTION_REFUSED @ https://events.backtrace.io/api/summed-events/submit?universe=UNIVERSE&token=TOKEN:0
[   35683ms] [ERROR] Failed to load resource: net::ERR_CONNECTION_REFUSED @ https://events.backtrace.io/api/unique-events/submit?universe=UNIVERSE&token=TOKEN:0
[   35683ms] [ERROR] Failed to load resource: net::ERR_CONNECTION_REFUSED @ https://events.backtrace.io/api/summed-events/submit?universe=UNIVERSE&token=TOKEN:0
[ 4674665ms] [ERROR] Failed to load resource: net::ERR_CONNECTION_REFUSED @ https://events.backtrace.io/api/unique-events/submit?universe=UNIVERSE&token=TOKEN:0
[ 4674666ms] [ERROR] Failed to load resource: net::ERR_CONNECTION_REFUSED @ https://events.backtrace.io/api/summed-events/submit?universe=UNIVERSE&token=TOKEN:0
[ 4684669ms] [ERROR] Failed to load resource: net::ERR_CONNECTION_REFUSED @ https://events.backtrace.io/api/unique-events/submit?universe=UNIVERSE&token=TOKEN:0
[ 4684669ms] [ERROR] Failed to load resource: net::ERR_CONNECTION_REFUSED @ https://events.backtrace.io/api/summed-events/submit?universe=UNIVERSE&token=TOKEN:0
[ 4704672ms] [ERROR] Failed to load resource: net::ERR_CONNECTION_REFUSED @ https://events.backtrace.io/api/unique-events/submit?universe=UNIVERSE&token=TOKEN:0
[ 4704672ms] [ERROR] Failed to load resource: net::ERR_CONNECTION_REFUSED @ https://events.backtrace.io/api/summed-events/submit?universe=UNIVERSE&token=TOKEN:0
[49546075ms] [ERROR] Failed to load resource: net::ERR_CONNECTION_REFUSED @ https://events.backtrace.io/api/unique-events/submit?universe=UNIVERSE&token=TOKEN:0
[49546076ms] [ERROR] Failed to load resource: net::ERR_CONNECTION_REFUSED @ https://events.backtrace.io/api/summed-events/submit?universe=UNIVERSE&token=TOKEN:0
[49556154ms] [ERROR] Failed to load resource: net::ERR_CONNECTION_REFUSED @ https://events.backtrace.io/api/unique-events/submit?universe=UNIVERSE&token=TOKEN:0
[49556155ms] [ERROR] Failed to load resource: net::ERR_CONNECTION_REFUSED @ https://events.backtrace.io/api/summed-events/submit?universe=UNIVERSE&token=TOKEN:0
[49576158ms] [ERROR] Failed to load resource: net::ERR_CONNECTION_REFUSED @ https://events.backtrace.io/api/unique-events/submit?universe=UNIVERSE&token=TOKEN:0
[49576159ms] [ERROR] Failed to load resource: net::ERR_CONNECTION_REFUSED @ https://events.backtrace.io/api/summed-events/submit?universe=UNIVERSE&token=TOKEN:0
